// Jest Snapshot v1, https://goo.gl/fbAQLP

exports[`Menu should render menu 1`] = `
<React.Fragment>
  <h1>
    Bun Meat Bun
  </h1>
  <Styled(nav)>
    <span>
      rank 
      4
    </span>
    <a
      href="http://www.bunmeatbun.se"
      target="_blank"
    >
      homepage
    </a>
    <a
      data-test-name="toggleBurgerMapLink"
      href="#"
      onClick={[Function]}
      tabIndex="-1"
    >
      map
    </a>
  </Styled(nav)>
</React.Fragment>
`;
