// Jest Snapshot v1, https://goo.gl/fbAQLP

exports[`Menu should render menu 1`] = `
<React.Fragment>
  <h1
    className="jsx-2165836718"
  >
    Bun Meat Bun
  </h1>
  <nav
    className="jsx-2165836718 links"
  >
    <span
      className="jsx-2165836718"
    >
      rank 
      4
    </span>
    <a
      className="jsx-2165836718"
      href="http://www.bunmeatbun.se"
      target="_blank"
    >
      homepage
    </a>
    <a
      className="jsx-2165836718"
      data-test-name="toggleBurgerMapLink"
      href="#"
      onClick={[Function]}
      tabIndex="-1"
    >
      map
    </a>
  </nav>
  <JSXStyle
    css=".links.jsx-2165836718>*.jsx-2165836718:not(:last-child):after{content:' | ';}"
    styleId="2165836718"
  />
</React.Fragment>
`;
